
[1m[46m RUN [49m[22m [36mv4.0.18 [39m[90mC:/Users/nayen/frontend-finanzas[39m

node.exe : 
[90mstderr[2m | tes
ts/pages/Categories.t
est.jsx[2m > 
[22m[2mCategories 
Page[2m > 
[22m[2mhandles 
category creation
En C:\Users\nayen\App
Data\Roaming\npm\npx.
ps1: 24 Carácter: 5
+     & "node$exe"  "
$basedir/node_modules
/npm/bin/npx-cli.js" 
$args
+     ~~~~~~~~~~~~~~~
~~~~~~~~~~~~~~~~~~~~~
~~~~~~~~~~~~~~~~~~~~~
~~~~~
    + CategoryInfo   
           : NotSpe  
  cified: ([90mst   
 derr[2m...tegor    
y creation:Strin    
g) [], RemoteExc    
eption
    + FullyQualified 
   ErrorId : Native  
  CommandError
 
[22m[39mWarning: 
An update to 
Categories inside a 
test was not wrapped 
in act(...).

When testing, code 
that causes React 
state updates should 
be wrapped into 
act(...):

act(() => {
  /* fire events 
that update state */
});
/* assert on the 
output */

This ensures that 
you're testing the 
behavior the user 
would see in the 
browser. Learn more 
at https://reactjs.or
g/link/wrap-tests-wit
h-act
    at Categories (C:
/Users/nayen/frontend
-finanzas/src/pages/C
ategories.jsx:21:53)
    at AuthProvider (
C:/Users/nayen/fronte
nd-finanzas/src/conte
xt/AuthContext.jsx:10
:25)
    at Router (file:/
//C:/Users/nayen/fron
tend-finanzas/node_mo
dules/react-router/di
st/development/chunk-
EPOLDU6W.mjs:6605:13)
    at BrowserRouter 
(file:///C:/Users/nay
en/frontend-finanzas/
node_modules/react-ro
uter/dist/development
/chunk-EPOLDU6W.mjs:9
815:3)
Warning: An update 
to Categories inside 
a test was not 
wrapped in act(...).

When testing, code 
that causes React 
state updates should 
be wrapped into 
act(...):

act(() => {
  /* fire events 
that update state */
});
/* assert on the 
output */

This ensures that 
you're testing the 
behavior the user 
would see in the 
browser. Learn more 
at https://reactjs.or
g/link/wrap-tests-wit
h-act
    at Categories (C:
/Users/nayen/frontend
-finanzas/src/pages/C
ategories.jsx:21:53)
    at AuthProvider (
C:/Users/nayen/fronte
nd-finanzas/src/conte
xt/AuthContext.jsx:10
:25)
    at Router (file:/
//C:/Users/nayen/fron
tend-finanzas/node_mo
dules/react-router/di
st/development/chunk-
EPOLDU6W.mjs:6605:13)
    at BrowserRouter 
(file:///C:/Users/nay
en/frontend-finanzas/
node_modules/react-ro
uter/dist/development
/chunk-EPOLDU6W.mjs:9
815:3)

[90mstderr[2m | tes
ts/pages/Categories.t
est.jsx[2m > 
[22m[2mCategories 
Page[2m > 
[22m[2mrenders 
error state on fetch 
failure
[22m[39mError 
fetching categories: 
Error: Fetch failed
    at C:/Users/nayen
/frontend-finanzas/te
sts/pages/Categories.
test.jsx:134:39
    at [90mfile:///C
:/Users/nayen/fronten
d-finanzas/[39mnode_
modules/[4m@vitest/r
unner[24m/dist/index
.js:145:11
    at [90mfile:///C
:/Users/nayen/fronten
d-finanzas/[39mnode_
modules/[4m@vitest/r
unner[24m/dist/index
.js:915:26
    at [90mfile:///C
:/Users/nayen/fronten
d-finanzas/[39mnode_
modules/[4m@vitest/r
unner[24m/dist/index
.js:1243:20
    at new Promise 
(<anonymous>)
    at 
runWithTimeout [90m(
file:///C:/Users/naye
n/frontend-finanzas/
[39mnode_modules/[4m
@vitest/runner[24m/d
ist/index.js:1209:10
[90m)[39m
    at [90mfile:///C
:/Users/nayen/fronten
d-finanzas/[39mnode_
modules/[4m@vitest/r
unner[24m/dist/index
.js:1653:37
    at Traces.$ [90m
(file:///C:/Users/nay
en/frontend-finanzas/
[39mnode_modules/[4
mvitest[24m/dist/chu
nks/traces.CCmnQaNT.j
s:142:27[90m)[39m
    at trace [90m(fi
le:///C:/Users/nayen/
frontend-finanzas/[3
9mnode_modules/[4mvi
test[24m/dist/chunks
/test.B8ej_ZHS.js:239
:21[90m)[39m
    at runTest [90m(
file:///C:/Users/naye
n/frontend-finanzas/
[39mnode_modules/[4m
@vitest/runner[24m/d
ist/index.js:1653:12
[90m)[39m

 [31mÔØ»[39m tests/pages/Categories.test.jsx [2m([22m[2m5 tests[22m[2m | [22m[31m1 failed[39m[2m)[22m[33m 362[2mms[22m[39m
     [32mÔ£ô[39m renders categories list[32m 81[2mms[22m[39m
     [32mÔ£ô[39m handles category deletion[32m 40[2mms[22m[39m
[31m     [31m├ù[31m handles category creation[39m[32m 159[2mms[22m[39m
     [32mÔ£ô[39m handles category update[32m 64[2mms[22m[39m
     [32mÔ£ô[39m renders error state on fetch failure[32m 15[2mms[22m[39m

[31mÔÄ»ÔÄ»ÔÄ»ÔÄ»ÔÄ»Ô
Ä»ÔÄ»[39m[1m[41m 
Failed Tests 1 [49m
[22m[31mÔÄ»ÔÄ»ÔÄ»ÔÄ»
ÔÄ»ÔÄ»ÔÄ»[39m

[41m[1m FAIL 
[22m[49m tests/page
s/Categories.test.jsx
[2m > 
[22mCategories 
Page[2m > 
[22mhandles 
category creation
[31m[1mTestingLibra
ryElementError[22m[
39m: Unable to find 
an element with the 
text: /crear/i. This 
could be because the 
text is broken up by 
multiple elements. 
In this case, you 
can provide a 
function for your 
text matcher to make 
your matcher more 
flexible.

Ignored nodes: 
comments, script, 
style
[36m<body>[39m
  [36m<div>[39m
    [36m<div[39m
      [33mclass[39m
=[32m"space-y-6 
animate-fade-in"[39m
    [36m>[39m
      [36m<div[39m
        [33mclass[3
9m=[32m"flex 
justify-between 
items-center"[39m
      [36m>[39m
        
[36m<div>[39m
          
[36m<h1[39m
            [33mclas
s[39m=[32m"text-3xl
 font-bold 
text-white"[39m
          [36m>[39m
            
[0mCategor├¡as[0m
          
[36m</h1>[39m
          
[36m<p[39m
            [33mclas
s[39m=[32m"text-gra
y-400 text-sm 
mt-1"[39m
          [36m>[39m
            
[0mGestiona y 
personaliza tus 
finanzas[0m
          
[36m</p>[39m
        
[36m</div>[39m
      
[36m</div>[39m
      [36m<div[39m
        [33mclass[3
9m=[32m"max-w-md 
mx-auto"[39m
      [36m>[39m
        
[36m<form[39m
          [33mclass
[39m=[32m"space-y-4 
bg-white p-6 
rounded-lg shadow-sm 
border 
border-gray-100"[39m
        [36m>[39m
          
[36m<div>[39m
            
[36m<h3[39m
              [33mcl
ass[39m=[32m"text-l
g font-medium 
text-gray-900 
mb-4"[39m
            
[36m>[39m
              
[0mNueva 
Categor├¡a[0m
            
[36m</h3>[39m
          
[36m</div>[39m
          
[36m<div[39m
            [33mclas
s[39m=[32m"space-y-
1"[39m
          [36m>[39m
            
[36m<label[39m
              [33mcl
ass[39m=[32m"block 
text-sm font-medium 
text-gray-700"[39m
              [33mfo
r[39m=[32m"name"[3
9m
            
[36m>[39m
              
[0mNombre[0m
            
[36m</label>[39m
            
[36m<input[39m
              [33mcl
ass[39m=[32m"block 
w-full rounded-md 
border 
border-gray-300 px-3 
py-2 shadow-sm focus:
border-blue-500 
focus:outline-none 
focus:ring-1 
focus:ring-blue-500 
text-gray-900 
bg-white"[39m
              [33mid
[39m=[32m"name"[39
m
              [33mpl
aceholder[39m=[32m"
Ej: Alimentaci├│n, 
Transporte..."[39m
              [33mre
quired[39m=[32m""[
39m
              [33mty
pe[39m=[32m"text"[
39m
              [33mva
lue[39m=[32m"Ocio"
[39m
            
[36m/>[39m
          
[36m</div>[39m
          
[36m<div[39m
            [33mclas
s[39m=[32m"space-y-
1"[39m
          [36m>[39m
            
[36m<label[39m
              [33mcl
ass[39m=[32m"block 
text-sm font-medium 
text-gray-700"[39m
            
[36m>[39m
              
[0mTipo[0m
            
[36m</label>[39m
            
[36m<div[39m
              [33mcl
ass[39m=[32m"flex 
space-x-4 mt-1"[39m
            
[36m>[39m
              
[36m<label[39m
                [33m
class[39m=[32m"flex
 items-center 
space-x-2 
cursor-pointer"[39m
              
[36m>[39m
                
[36m<input[39m
                  [3
3mchecked[39m=[32m"
"[39m
                  [3
3mclass[39m=[32m"te
xt-blue-600 focus:rin
g-blue-500"[39m
                  [3
3mname[39m=[32m"typ
e"[39m
                  [3
3mtype[39m=[32m"rad
io"[39m
                  [3
3mvalue[39m=[32m"ex
pense"[39m
                
[36m/>[39m
                
[36m<span[39m
                  [3
3mclass[39m=[32m"te
xt-gray-700"[39m
                
[36m>[39m
                  
[0mGasto[0m
                
[36m</span>[39m
              
[36m</label>[39m
              
[36m<label[39m
                [33m
class[39m=[32m"flex
 items-center 
space-x-2 
cursor-pointer"[39m
              
[36m>[39m
                
[36m<input[39m
                  [3
3mclass[39m=[32m"te
xt-blue-600 focus:rin
g-blue-500"[39m
                  [3
3mname[39m=[32m"typ
e"[39m
                  [3
3mtype[39m=[32m"rad
io"[39m
                  [3
3mvalue[39m=[32m"in
come"[39m
                
[36m/>[39m
                
[36m<span[39m
                  [3
3mclass[39m=[32m"te
xt-gray-700"[39m
                
[36m>[39m
                  
[0mIngreso[0m
                
[36m</span>[39m
              
[36m</label>[39m
            
[36m</div>[39m
          
[36m</div>[39m
          
[36m<div[39m
            [33mclas
s[39m=[32m"flex 
justify-end 
space-x-3 pt-4"[39m
          [36m>[39m
            
[36m<button[39m
              [33mcl
ass[39m=[32m"px-4 
py-2 rounded-md 
font-medium 
transition-colors 
duration-200 
focus:outline-none 
focus:ring-2 
focus:ring-offset-2 
disabled:opacity-50 d
isabled:cursor-not-al
lowed bg-gray-200 
text-gray-800 
hover:bg-gray-300 
focus:ring-gray-500 
"[39m
              [33mdi
sabled[39m=[32m""[
39m
              [33mty
pe[39m=[32m"button"
[39m
            
[36m>[39m
              
[0mCancelar[0m
            
[36m</button>[39m
            
[36m<button[39m
              [33mcl
ass[39m=[32m"px-4 
py-2 rounded-md 
font-medium 
transition-colors 
duration-200 
focus:outline-none 
focus:ring-2 
focus:ring-offset-2 
disabled:opacity-50 d
isabled:cursor-not-al
lowed bg-blue-600 
text-white 
hover:bg-blue-700 
focus:ring-blue-500 
"[39m
              [33mdi
sabled[39m=[32m""[
39m
              [33mty
pe[39m=[32m"submit"
[39m
            
[36m>[39m
              
[0mGuardando...[0m
            
[36m</button>[39m
          
[36m</div>[39m
        
[36m</form>[39m
      
[36m</div>[39m
    [36m</div>[39m
  [36m</div>[39m
[36m</body>[39m
[90m [2mÔØ»[22m Ob
ject.getElementError 
node_modules/@testing
-library/dom/dist/con
fig.js:[2m37:19[22m
[39m
[90m [2mÔØ»[22m no
de_modules/@testing-l
ibrary/dom/dist/query
-helpers.js:[2m76:38
[22m[39m
[90m [2mÔØ»[22m no
de_modules/@testing-l
ibrary/dom/dist/query
-helpers.js:[2m52:17
[22m[39m
[90m [2mÔØ»[22m no
de_modules/@testing-l
ibrary/dom/dist/query
-helpers.js:[2m95:19
[22m[39m
[36m [2mÔØ»[22m te
sts/pages/Categories.
test.jsx:[2m103:34[
22m[39m
    [90m101| [39m
    [90m102| [39m  
      // Intentar 
encontrar el bot├│n 
por texto exacto si 
el rol fallÔÇª
    [90m103| [39m  
      
[35mconst[39m 
submitBtn 
[33m=[39m screen[3
3m.[39m[34mgetByTex
t[39m([36m/crear/i
[39m)[33m.[39m[34m
closest[39m([32m'bu
tton'[39m)[33m;[39
m
    [90m   | [39m  
                     
          [31m^[39m
    [90m104| [39m  
      fireEvent[33m.
[39m[34mclick[39m(
submitBtn)[33m;[39m
    [90m105| [39m

[31m[2mÔÄ»ÔÄ»ÔÄ»ÔÄ»
ÔÄ»ÔÄ»ÔÄ»ÔÄ»ÔÄ»ÔÄ»ÔÄ»
ÔÄ»ÔÄ»ÔÄ»ÔÄ»ÔÄ»ÔÄ»ÔÄ»
ÔÄ»ÔÄ»ÔÄ»ÔÄ»ÔÄ»ÔÄ»[1/
1]ÔÄ»[22m[39m


[2m Test Files [22m [1m[31m1 failed[39m[22m[90m (1)[39m
[2m      Tests [22m [1m[31m1 failed[39m[22m[2m | [22m[1m[32m4 passed[39m[22m[90m (5)[39m
[2m   Start at [22m 13:28:08
[2m   Duration [22m 2.44s[2m (transform 212ms, setup 283ms, import 583ms, tests 362ms, environment 955ms)[22m

